MPLINK 4.48, Linker
Linker Map File - Created Mon May 27 23:31:25 2024

                                 Section Info
                  Section       Type    Address   Location Size(Bytes)
                ---------  ---------  ---------  ---------  ---------
                   .org_0       code   0x000000    program   0x000046



                              Program Memory Usage 
                               Start         End      
                           ---------   ---------      
                            0x000000    0x000045      
            70 out of 33048 program addresses used, program memory utilization is 0%



                              Symbols - Sorted by Name
                     Name    Address   Location    Storage File                     
                ---------  ---------  ---------  --------- ---------                
                    again   0x00003c    program     static C:\Users\quekeneth\Documents\micro\ken.asm
                   again0   0x00002e    program     static C:\Users\quekeneth\Documents\micro\ken.asm
                    check   0x00000c    program     static C:\Users\quekeneth\Documents\micro\ken.asm
                    delay   0x000038    program     static C:\Users\quekeneth\Documents\micro\ken.asm
                   delay0   0x00002a    program     static C:\Users\quekeneth\Documents\micro\ken.asm
                      off   0x000022    program     static C:\Users\quekeneth\Documents\micro\ken.asm
               rotate_led   0x000012    program     static C:\Users\quekeneth\Documents\micro\ken.asm
                    start   0x000000    program     static C:\Users\quekeneth\Documents\micro\ken.asm



                              Symbols - Sorted by Address
                     Name    Address   Location    Storage File                     
                ---------  ---------  ---------  --------- ---------                
                    start   0x000000    program     static C:\Users\quekeneth\Documents\micro\ken.asm
                    check   0x00000c    program     static C:\Users\quekeneth\Documents\micro\ken.asm
               rotate_led   0x000012    program     static C:\Users\quekeneth\Documents\micro\ken.asm
                      off   0x000022    program     static C:\Users\quekeneth\Documents\micro\ken.asm
                   delay0   0x00002a    program     static C:\Users\quekeneth\Documents\micro\ken.asm
                   again0   0x00002e    program     static C:\Users\quekeneth\Documents\micro\ken.asm
                    delay   0x000038    program     static C:\Users\quekeneth\Documents\micro\ken.asm
                    again   0x00003c    program     static C:\Users\quekeneth\Documents\micro\ken.asm


