MPLINK 4.48, Linker
Linker Map File - Created Fri May 24 09:34:52 2024

                                 Section Info
                  Section       Type    Address   Location Size(Bytes)
                ---------  ---------  ---------  ---------  ---------
                   .org_0       code   0x000000    program   0x000000
                   .org_1       code   0x000000    program   0x000004
                   .org_2       code   0x000008    program   0x000002
                   .org_3       code   0x000018    program   0x000018



                              Program Memory Usage 
                               Start         End      
                           ---------   ---------      
                            0x000000    0x000003      
                            0x000008    0x000009      
                            0x000018    0x00002f      
            30 out of 33048 program addresses used, program memory utilization is 0%



                              Symbols - Sorted by Name
                     Name    Address   Location    Storage File                     
                ---------  ---------  ---------  --------- ---------                
                    check   0x000022    program     static C:\Users\quekeneth\Documents\micro\nothing.asm
                      off   0x00002c    program     static C:\Users\quekeneth\Documents\micro\nothing.asm
                   on_led   0x000028    program     static C:\Users\quekeneth\Documents\micro\nothing.asm
                    start   0x00001a    program     static C:\Users\quekeneth\Documents\micro\nothing.asm



                              Symbols - Sorted by Address
                     Name    Address   Location    Storage File                     
                ---------  ---------  ---------  --------- ---------                
                    start   0x00001a    program     static C:\Users\quekeneth\Documents\micro\nothing.asm
                    check   0x000022    program     static C:\Users\quekeneth\Documents\micro\nothing.asm
                   on_led   0x000028    program     static C:\Users\quekeneth\Documents\micro\nothing.asm
                      off   0x00002c    program     static C:\Users\quekeneth\Documents\micro\nothing.asm


