MPLINK 4.48, Linker
Linker Map File - Created Fri May 24 20:27:19 2024

                                 Section Info
                  Section       Type    Address   Location Size(Bytes)
                ---------  ---------  ---------  ---------  ---------
                   .org_0       code   0x000000    program   0x00008c



                              Program Memory Usage 
                               Start         End      
                           ---------   ---------      
                            0x000000    0x00008b      
            140 out of 33048 program addresses used, program memory utilization is 0%



                              Symbols - Sorted by Name
                     Name    Address   Location    Storage File                     
                ---------  ---------  ---------  --------- ---------                
                    again   0x000082    program     static C:\Users\quekeneth\Documents\micro\second.asm
                   again0   0x000074    program     static C:\Users\quekeneth\Documents\micro\second.asm
       button_not_pressed   0x00002e    program     static C:\Users\quekeneth\Documents\micro\second.asm
                    check   0x000010    program     static C:\Users\quekeneth\Documents\micro\second.asm
                    delay   0x00007e    program     static C:\Users\quekeneth\Documents\micro\second.asm
                   delay0   0x000070    program     static C:\Users\quekeneth\Documents\micro\second.asm
                      off   0x000068    program     static C:\Users\quekeneth\Documents\micro\second.asm
                       on   0x000064    program     static C:\Users\quekeneth\Documents\micro\second.asm
               rotate_led   0x000044    program     static C:\Users\quekeneth\Documents\micro\second.asm
              rotate_ledR   0x000054    program     static C:\Users\quekeneth\Documents\micro\second.asm
                    start   0x000000    program     static C:\Users\quekeneth\Documents\micro\second.asm



                              Symbols - Sorted by Address
                     Name    Address   Location    Storage File                     
                ---------  ---------  ---------  --------- ---------                
                    start   0x000000    program     static C:\Users\quekeneth\Documents\micro\second.asm
                    check   0x000010    program     static C:\Users\quekeneth\Documents\micro\second.asm
       button_not_pressed   0x00002e    program     static C:\Users\quekeneth\Documents\micro\second.asm
               rotate_led   0x000044    program     static C:\Users\quekeneth\Documents\micro\second.asm
              rotate_ledR   0x000054    program     static C:\Users\quekeneth\Documents\micro\second.asm
                       on   0x000064    program     static C:\Users\quekeneth\Documents\micro\second.asm
                      off   0x000068    program     static C:\Users\quekeneth\Documents\micro\second.asm
                   delay0   0x000070    program     static C:\Users\quekeneth\Documents\micro\second.asm
                   again0   0x000074    program     static C:\Users\quekeneth\Documents\micro\second.asm
                    delay   0x00007e    program     static C:\Users\quekeneth\Documents\micro\second.asm
                    again   0x000082    program     static C:\Users\quekeneth\Documents\micro\second.asm


