MPLINK 4.49, Linker
Linker Map File - Created Wed Jun 05 09:11:29 2024

                                 Section Info
                  Section       Type    Address   Location Size(Bytes)
                ---------  ---------  ---------  ---------  ---------
                   .org_0       code   0x000000    program   0x000000
                   .org_1       code   0x000000    program   0x00009a
  .config_2007_SIGESIGE.O       code   0x002007    program   0x000002



                              Program Memory Usage 
                               Start         End      
                           ---------   ---------      
                            0x000000    0x00004c      
                            0x002007    0x002007      
            78 out of 8454 program addresses used, program memory utilization is 0%



                              Symbols - Sorted by Name
                     Name    Address   Location    Storage File                     
                ---------  ---------  ---------  --------- ---------                
                    again   0x000048    program     static C:\Users\quekeneth\Documents\micro\sigesige.asm
                   again0   0x000042    program     static C:\Users\quekeneth\Documents\micro\sigesige.asm
                    check   0x000008    program     static C:\Users\quekeneth\Documents\micro\sigesige.asm
                   check1   0x00000b    program     static C:\Users\quekeneth\Documents\micro\sigesige.asm
                   check2   0x00000e    program     static C:\Users\quekeneth\Documents\micro\sigesige.asm
                   check3   0x000011    program     static C:\Users\quekeneth\Documents\micro\sigesige.asm
                    delay   0x000046    program     static C:\Users\quekeneth\Documents\micro\sigesige.asm
                   delay0   0x000040    program     static C:\Users\quekeneth\Documents\micro\sigesige.asm
                      off   0x000029    program     static C:\Users\quekeneth\Documents\micro\sigesige.asm
                     off1   0x00002c    program     static C:\Users\quekeneth\Documents\micro\sigesige.asm
                     off2   0x000031    program     static C:\Users\quekeneth\Documents\micro\sigesige.asm
                     off3   0x000036    program     static C:\Users\quekeneth\Documents\micro\sigesige.asm
                     off4   0x00003b    program     static C:\Users\quekeneth\Documents\micro\sigesige.asm
                       on   0x000024    program     static C:\Users\quekeneth\Documents\micro\sigesige.asm
               rotate_led   0x000014    program     static C:\Users\quekeneth\Documents\micro\sigesige.asm
              rotate_ledR   0x00001c    program     static C:\Users\quekeneth\Documents\micro\sigesige.asm
                    start   0x000000    program     static C:\Users\quekeneth\Documents\micro\sigesige.asm



                              Symbols - Sorted by Address
                     Name    Address   Location    Storage File                     
                ---------  ---------  ---------  --------- ---------                
                    start   0x000000    program     static C:\Users\quekeneth\Documents\micro\sigesige.asm
                    check   0x000008    program     static C:\Users\quekeneth\Documents\micro\sigesige.asm
                   check1   0x00000b    program     static C:\Users\quekeneth\Documents\micro\sigesige.asm
                   check2   0x00000e    program     static C:\Users\quekeneth\Documents\micro\sigesige.asm
                   check3   0x000011    program     static C:\Users\quekeneth\Documents\micro\sigesige.asm
               rotate_led   0x000014    program     static C:\Users\quekeneth\Documents\micro\sigesige.asm
              rotate_ledR   0x00001c    program     static C:\Users\quekeneth\Documents\micro\sigesige.asm
                       on   0x000024    program     static C:\Users\quekeneth\Documents\micro\sigesige.asm
                      off   0x000029    program     static C:\Users\quekeneth\Documents\micro\sigesige.asm
                     off1   0x00002c    program     static C:\Users\quekeneth\Documents\micro\sigesige.asm
                     off2   0x000031    program     static C:\Users\quekeneth\Documents\micro\sigesige.asm
                     off3   0x000036    program     static C:\Users\quekeneth\Documents\micro\sigesige.asm
                     off4   0x00003b    program     static C:\Users\quekeneth\Documents\micro\sigesige.asm
                   delay0   0x000040    program     static C:\Users\quekeneth\Documents\micro\sigesige.asm
                   again0   0x000042    program     static C:\Users\quekeneth\Documents\micro\sigesige.asm
                    delay   0x000046    program     static C:\Users\quekeneth\Documents\micro\sigesige.asm
                    again   0x000048    program     static C:\Users\quekeneth\Documents\micro\sigesige.asm


