MPLINK 4.48, Linker
Linker Map File - Created Wed May 29 13:35:29 2024

                                 Section Info
                  Section       Type    Address   Location Size(Bytes)
                ---------  ---------  ---------  ---------  ---------
                   .org_0       code   0x000000    program   0x000070



                              Program Memory Usage 
                               Start         End      
                           ---------   ---------      
                            0x000000    0x00006f      
            112 out of 33048 program addresses used, program memory utilization is 0%



                              Symbols - Sorted by Name
                     Name    Address   Location    Storage File                     
                ---------  ---------  ---------  --------- ---------                
                    again   0x000066    program     static C:\Users\quekeneth\Documents\micro\sige.asm
                   again0   0x000058    program     static C:\Users\quekeneth\Documents\micro\sige.asm
                    check   0x00000c    program     static C:\Users\quekeneth\Documents\micro\sige.asm
                   checks   0x000012    program     static C:\Users\quekeneth\Documents\micro\sige.asm
                    delay   0x000062    program     static C:\Users\quekeneth\Documents\micro\sige.asm
                   delay0   0x000054    program     static C:\Users\quekeneth\Documents\micro\sige.asm
                      off   0x00003c    program     static C:\Users\quekeneth\Documents\micro\sige.asm
                     offs   0x000044    program     static C:\Users\quekeneth\Documents\micro\sige.asm
                       on   0x00004c    program     static C:\Users\quekeneth\Documents\micro\sige.asm
               rotate_led   0x000018    program     static C:\Users\quekeneth\Documents\micro\sige.asm
              rotate_led2   0x00002c    program     static C:\Users\quekeneth\Documents\micro\sige.asm
                    start   0x000000    program     static C:\Users\quekeneth\Documents\micro\sige.asm



                              Symbols - Sorted by Address
                     Name    Address   Location    Storage File                     
                ---------  ---------  ---------  --------- ---------                
                    start   0x000000    program     static C:\Users\quekeneth\Documents\micro\sige.asm
                    check   0x00000c    program     static C:\Users\quekeneth\Documents\micro\sige.asm
                   checks   0x000012    program     static C:\Users\quekeneth\Documents\micro\sige.asm
               rotate_led   0x000018    program     static C:\Users\quekeneth\Documents\micro\sige.asm
              rotate_led2   0x00002c    program     static C:\Users\quekeneth\Documents\micro\sige.asm
                      off   0x00003c    program     static C:\Users\quekeneth\Documents\micro\sige.asm
                     offs   0x000044    program     static C:\Users\quekeneth\Documents\micro\sige.asm
                       on   0x00004c    program     static C:\Users\quekeneth\Documents\micro\sige.asm
                   delay0   0x000054    program     static C:\Users\quekeneth\Documents\micro\sige.asm
                   again0   0x000058    program     static C:\Users\quekeneth\Documents\micro\sige.asm
                    delay   0x000062    program     static C:\Users\quekeneth\Documents\micro\sige.asm
                    again   0x000066    program     static C:\Users\quekeneth\Documents\micro\sige.asm


