MPLINK 4.48, Linker
Linker Map File - Created Fri May 24 19:55:55 2024

                                 Section Info
                  Section       Type    Address   Location Size(Bytes)
                ---------  ---------  ---------  ---------  ---------
                   .org_0       code   0x000000    program   0x00004e



                              Program Memory Usage 
                               Start         End      
                           ---------   ---------      
                            0x000000    0x00004d      
            78 out of 33048 program addresses used, program memory utilization is 0%



                              Symbols - Sorted by Name
                     Name    Address   Location    Storage File                     
                ---------  ---------  ---------  --------- ---------                
                    again   0x000044    program     static C:\Users\quekeneth\Documents\micro\Untitled.asm
                   again0   0x000036    program     static C:\Users\quekeneth\Documents\micro\Untitled.asm
                    delay   0x000040    program     static C:\Users\quekeneth\Documents\micro\Untitled.asm
                   delay0   0x000032    program     static C:\Users\quekeneth\Documents\micro\Untitled.asm
                main_loop   0x00000e    program     static C:\Users\quekeneth\Documents\micro\Untitled.asm
                      off   0x00002a    program     static C:\Users\quekeneth\Documents\micro\Untitled.asm
               rotate_led   0x00001a    program     static C:\Users\quekeneth\Documents\micro\Untitled.asm
                    start   0x000000    program     static C:\Users\quekeneth\Documents\micro\Untitled.asm



                              Symbols - Sorted by Address
                     Name    Address   Location    Storage File                     
                ---------  ---------  ---------  --------- ---------                
                    start   0x000000    program     static C:\Users\quekeneth\Documents\micro\Untitled.asm
                main_loop   0x00000e    program     static C:\Users\quekeneth\Documents\micro\Untitled.asm
               rotate_led   0x00001a    program     static C:\Users\quekeneth\Documents\micro\Untitled.asm
                      off   0x00002a    program     static C:\Users\quekeneth\Documents\micro\Untitled.asm
                   delay0   0x000032    program     static C:\Users\quekeneth\Documents\micro\Untitled.asm
                   again0   0x000036    program     static C:\Users\quekeneth\Documents\micro\Untitled.asm
                    delay   0x000040    program     static C:\Users\quekeneth\Documents\micro\Untitled.asm
                    again   0x000044    program     static C:\Users\quekeneth\Documents\micro\Untitled.asm


